<html>
<body>
<pre>
<h1>µVision Build Log</h1>
<h2>Tool Versions:</h2>
IDE-Version: ¦ÌVision V5.24.2.0
Copyright (C) 2017 ARM Ltd and ARM Germany GmbH. All rights reserved.
License Information: 1 HSC, 1, LIC=585FJ-U0XH2-MM89I-TLGYK-85HIR-36TX7
 
Tool Versions:
Toolchain:       MDK-ARM Plus  Version: 5.24.1
Toolchain Path:  E:\program\Keil\MDK\ARM\ARMCC\Bin
C Compiler:      Armcc.exe V5.06 update 5 (build 528)
Assembler:       Armasm.exe V5.06 update 5 (build 528)
Linker/Locator:  ArmLink.exe V5.06 update 5 (build 528)
Library Manager: ArmAr.exe V5.06 update 5 (build 528)
Hex Converter:   FromElf.exe V5.06 update 5 (build 528)
CPU DLL:         SARMCM3.DLL V5.24.1
Dialog DLL:      DCM.DLL V1.16.0.0
Target DLL:      CMSIS_AGDI.dll V1.28.3.0
Dialog DLL:      TCM.DLL V1.32.0.0
 
<h2>Project:</h2>
C:\Users\hsc\Desktop\lvgl-release-v8.3\LVGLÒÆÖ²test\Projects\MDK-ARM\atk_f407.uvprojx
Project File Date:  02/10/2026

<h2>Output:</h2>
*** Using Compiler 'V5.06 update 5 (build 528)', folder: 'E:\program\Keil\MDK\ARM\ARMCC\Bin'
Rebuild target 'LGVL'
assembling startup_stm32f407xx.s...
compiling system_stm32f4xx.c...
compiling stm32f4xx_hal_pwr_ex.c...
compiling delay.c...
compiling stm32f4xx_it.c...
compiling sys.c...
compiling stm32f4xx_hal.c...
compiling stm32f4xx_hal_cortex.c...
compiling usart.c...
compiling stm32f4xx_hal_pwr.c...
compiling stm32f4xx_hal_rcc_ex.c...
compiling stm32f4xx_hal_usart.c...
compiling stm32f4xx_hal_gpio.c...
compiling stm32f4xx_hal_uart.c...
compiling stm32f4xx_hal_rcc.c...
compiling main.c...
..\..\User\main.c(69): warning:  #550-D: variable "last_x"  was set but never used
      uint16_t last_x = 0, last_y = 0;
..\..\User\main.c(69): warning:  #550-D: variable "last_y"  was set but never used
      uint16_t last_x = 0, last_y = 0;
..\..\User\main.c: 2 warnings, 0 errors
compiling stm32f4xx_hal_i2c_ex.c...
compiling stm32f4xx_hal_sram.c...
compiling key.c...
compiling led.c...
compiling 24cxx.c...
compiling ctiic.c...
compiling stm32f4xx_ll_fsmc.c...
compiling myiic.c...
compiling stm32f4xx_hal_dma.c...
compiling stm32f4xx_hal_dma_ex.c...
compiling ft5206.c...
compiling stm32f4xx_hal_tim_ex.c...
compiling lv_port_fs_template.c...
compiling lcd.c...
compiling lv_disp.c...
compiling lv_event.c...
..\..\Middlewares\LVGL\GUI\lvgl\src\core\lv_event.c(117): warning:  #188-D: enumerated type mixed with another type
      return e->code & ~LV_EVENT_PREPROCESS;
..\..\Middlewares\LVGL\GUI\lvgl\src\core\lv_event.c: 1 warning, 0 errors
compiling lv_group.c...
compiling lv_obj_class.c...
compiling lv_indev_scroll.c...
compiling lv_indev.c...
compiling stm32f4xx_hal_i2c.c...
compiling stm32f4xx_hal_tim.c...
compiling lv_obj_draw.c...
..\..\Middlewares\LVGL\GUI\lvgl\src\core\lv_obj_draw.c(392): warning:  #188-D: enumerated type mixed with another type
      if(obj->spec_attr) return obj->spec_attr->layer_type;
..\..\Middlewares\LVGL\GUI\lvgl\src\core\lv_obj_draw.c: 1 warning, 0 errors
compiling lv_obj.c...
compiling lv_obj_pos.c...
compiling lv_obj_style_gen.c...
compiling lv_obj_style.c...
compiling lv_obj_tree.c...
compiling lv_obj_scroll.c...
compiling lv_gpu_arm2d.c...
compiling lv_draw_sdl.c...
compiling lv_draw_sdl_arc.c...
compiling lv_theme.c...
compiling lv_refr.c...
compiling lv_draw_sdl_bg.c...
compiling lv_draw_sdl_composite.c...
compiling lv_draw_sdl_img.c...
compiling lv_draw_sdl_label.c...
compiling lv_draw_sdl_layer.c...
compiling lv_draw_sdl_line.c...
compiling lv_draw_sdl_mask.c...
compiling lv_draw_sdl_polygon.c...
compiling lv_draw_sdl_rect.c...
compiling lv_draw_sdl_stack_blur.c...
compiling lv_draw_sdl_texture_cache.c...
compiling lv_draw_sdl_utils.c...
compiling lv_draw_sw.c...
compiling lv_draw_sw_arc.c...
compiling lv_draw_sw_dither.c...
compiling lv_draw_sw_blend.c...
compiling lv_draw_sw_gradient.c...
compiling lv_draw_sw_img.c...
compiling lv_draw_sw_layer.c...
compiling lv_draw_sw_letter.c...
compiling lv_draw_sw_polygon.c...
compiling lv_draw_sw_line.c...
compiling lv_draw.c...
compiling lv_draw_sw_transform.c...
compiling lv_draw_arc.c...
compiling lv_draw_sw_rect.c...
..\..\Middlewares\LVGL\GUI\lvgl\src\draw\sw\lv_draw_sw_rect.c(234): warning:  #546-D: transfer of control bypasses initialization of:
            variable "mask_any_center"  (declared at line 280)
          goto bg_clean_up;
          ^
..\..\Middlewares\LVGL\GUI\lvgl\src\draw\sw\lv_draw_sw_rect.c: 1 warning, 0 errors
compiling lv_draw_img.c...
compiling lv_draw_label.c...
compiling lv_draw_layer.c...
compiling lv_draw_line.c...
compiling lv_draw_rect.c...
compiling lv_draw_transform.c...
compiling lv_draw_triangle.c...
compiling lv_img_buf.c...
compiling lv_draw_mask.c...
compiling lv_img_cache.c...
compiling lv_img_decoder.c...
compiling lv_flex.c...
compiling lv_ffmpeg.c...
compiling lv_grid.c...
..\..\Middlewares\LVGL\GUI\lvgl\src\extra\layouts\grid\lv_grid.c(583): warning:  #188-D: enumerated type mixed with another type
      lv_grid_align_t col_align = get_cell_col_align(item);
..\..\Middlewares\LVGL\GUI\lvgl\src\extra\layouts\grid\lv_grid.c(584): warning:  #188-D: enumerated type mixed with another type
      lv_grid_align_t row_align = get_cell_row_align(item);
..\..\Middlewares\LVGL\GUI\lvgl\src\extra\layouts\grid\lv_grid.c: 2 warnings, 0 errors
compiling lv_bmp.c...
compiling lv_freetype.c...
compiling lv_fs_fatfs.c...
compiling lv_fs_littlefs.c...
compiling lv_fs_posix.c...
compiling lv_fs_stdio.c...
compiling gifdec.c...
compiling lv_fs_win32.c...
compiling lv_gif.c...
compiling lodepng.c...
compiling lv_png.c...
compiling lv_qrcode.c...
compiling qrcodegen.c...
..\..\Middlewares\LVGL\GUI\lvgl\src\extra\libs\qrcode\qrcodegen.c(278): warning:  #188-D: enumerated type mixed with another type
  	applyMask(tempBuffer, qrcode, mask);
..\..\Middlewares\LVGL\GUI\lvgl\src\extra\libs\qrcode\qrcodegen.c(279): warning:  #188-D: enumerated type mixed with another type
  	drawFormatBits(ecl, mask, qrcode);
..\..\Middlewares\LVGL\GUI\lvgl\src\extra\libs\qrcode\qrcodegen.c(620): warning:  #111-D: statement is unreachable
  				default:  
V_ASSERT(false);  return;
..\..\Middlewares\LVGL\GUI\lvgl\src\extra\libs\qrcode\qrcodegen.c(853): warning:  #111-D: statement is unreachable
  		return -1;
..\..\Middlewares\LVGL\GUI\lvgl\src\extra\libs\qrcode\qrcodegen.c(1008): warning:  #111-D: statement is unreachable
  		default:  
V_ASSERT(false);  return -1;  // Dummy value
..\..\Middlewares\LVGL\GUI\lvgl\src\extra\libs\qrcode\qrcodegen.c: 5 warnings, 0 errors
compiling tjpgd.c...
compiling lv_rlottie.c...
compiling lv_sjpg.c...
compiling lv_tiny_ttf.c...
compiling lv_fragment.c...
compiling lv_fragment_manager.c...
compiling lv_gridnav.c...
compiling gt9xxx.c...
compiling touch.c...
compiling lv_ime_pinyin.c...
compiling lv_imgfont.c...
compiling lv_msg.c...
compiling lv_snapshot.c...
compiling lv_monkey.c...
compiling lv_calendar_header_arrow.c...
compiling lv_animimg.c...
compiling lv_calendar_header_dropdown.c...
compiling lv_theme_mono.c...
compiling lv_theme_basic.c...
compiling lv_calendar.c...
compiling btim.c...
compiling lv_keyboard.c...
compiling lv_theme_default.c...
..\..\Middlewares\LVGL\GUI\lvgl\src\extra\themes\default\lv_theme_default.c(211): warning:  #188-D: enumerated type mixed with another type
..\..\Middlewares\LVGL\GUI\lvgl\src\extra\themes\default\lv_theme_default.c: 1 warning, 0 errors
compiling lv_imgbtn.c...
compiling lv_colorwheel.c...
compiling lv_port_disp_template.c...
compiling lv_led.c...
compiling lv_port_indev_template.c...
compiling lv_list.c...
compiling lv_chart.c...
compiling lv_menu.c...
compiling lv_msgbox.c...
compiling lv_meter.c...
compiling lv_spinner.c...
compiling lv_spinbox.c...
compiling lv_tileview.c...
compiling lv_span.c...
..\..\Middlewares\LVGL\GUI\lvgl\src\extra\widgets\span\lv_span.c(901): warning:  #546-D: transfer of control bypasses initialization of:
            variable "align"  (declared at line 905)
              goto Next_line_init;
              ^
..\..\Middlewares\LVGL\GUI\lvgl\src\extra\widgets\span\lv_span.c: 1 warning, 0 errors
compiling lv_font.c...
compiling lv_tabview.c...
compiling lv_win.c...
compiling lv_font_fmt_txt.c...
..\..\Middlewares\LVGL\GUI\lvgl\src\font\lv_font_fmt_txt.c(137): warning:  #111-D: statement is unreachable
      return NULL;
..\..\Middlewares\LVGL\GUI\lvgl\src\font\lv_font_fmt_txt.c: 1 warning, 0 errors
compiling lv_extra.c...
compiling lv_font_dejavu_16_persian_hebrew.c...
compiling lv_font_montserrat_8.c...
compiling lv_font_loader.c...
compiling lv_font_montserrat_10.c...
compiling lv_font_montserrat_12.c...
compiling lv_font_montserrat_12_subpx.c...
compiling lv_font_montserrat_14.c...
compiling lv_font_montserrat_16.c...
compiling lv_font_montserrat_18.c...
compiling lv_font_montserrat_20.c...
compiling lv_font_montserrat_22.c...
compiling lv_font_montserrat_24.c...
compiling lv_font_montserrat_26.c...
compiling lv_font_montserrat_28.c...
compiling lv_font_montserrat_28_compressed.c...
compiling lv_font_montserrat_30.c...
compiling lv_font_montserrat_32.c...
compiling lv_font_montserrat_34.c...
compiling lv_font_montserrat_36.c...
compiling lv_font_montserrat_38.c...
compiling lv_font_montserrat_40.c...
compiling lv_hal_tick.c...
compiling lv_font_montserrat_42.c...
compiling lv_font_montserrat_44.c...
compiling lv_hal_indev.c...
compiling lv_anim_timeline.c...
compiling lv_anim.c...
compiling lv_font_montserrat_46.c...
compiling lv_font_montserrat_48.c...
compiling lv_async.c...
compiling lv_font_unscii_8.c...
compiling lv_font_unscii_16.c...
compiling lv_hal_disp.c...
..\..\Middlewares\LVGL\GUI\lvgl\src\hal\lv_hal_disp.c(582): warning:  #188-D: enumerated type mixed with another type
      return disp->driver->rotated;
..\..\Middlewares\LVGL\GUI\lvgl\src\hal\lv_hal_disp.c: 1 warning, 0 errors
compiling lv_area.c...
compiling lv_font_simsun_16_cjk.c...
compiling lv_bidi.c...
compiling lv_color.c...
compiling lv_fs.c...
compiling lv_gc.c...
compiling lv_ll.c...
compiling lv_log.c...
compiling lv_lru.c...
..\..\Middlewares\LVGL\GUI\lvgl\src\misc\lv_lru.c(238): warning:  #68-D: integer conversion resulted in a change of sign
      uint32_t i = 0, min_index = -1;
..\..\Middlewares\LVGL\GUI\lvgl\src\misc\lv_lru.c(239): warning:  #68-D: integer conversion resulted in a change of sign
      uint64_t min_access_count = -1;
..\..\Middlewares\LVGL\GUI\lvgl\src\misc\lv_lru.c: 2 warnings, 0 errors
compiling lv_math.c...
compiling lv_mem.c...
..\..\Middlewares\LVGL\GUI\lvgl\src\misc\lv_mem.c(324): warning:  #111-D: statement is unreachable
      return NULL;
..\..\Middlewares\LVGL\GUI\lvgl\src\misc\lv_mem.c: 1 warning, 0 errors
compiling lv_printf.c...
compiling lv_style.c...
..\..\Middlewares\LVGL\GUI\lvgl\src\misc\lv_style.c(214): warning:  #188-D: enumerated type mixed with another type
      return last_custom_prop_id;
..\..\Middlewares\LVGL\GUI\lvgl\src\misc\lv_style.c(219): warning:  #188-D: enumerated type mixed with another type
      return last_custom_prop_id - _LV_STYLE_LAST_BUILT_IN_PROP;
..\..\Middlewares\LVGL\GUI\lvgl\src\misc\lv_style.c(290): warning:  #188-D: enumerated type mixed with another type
      lv_style_set_prop_internal(style, prop | meta, null_style_value, lv_style_set_prop_meta_helper);
..\..\Middlewares\LVGL\GUI\lvgl\src\misc\lv_style.c: 3 warnings, 0 errors
compiling lv_style_gen.c...
compiling lv_templ.c...
compiling lv_timer.c...
compiling lv_tlsf.c...
..\..\Middlewares\LVGL\GUI\lvgl\src\misc\lv_tlsf.c(897): warning:  #68-D: integer conversion resulted in a change of sign
          offset_to_block(pool, -(int)block_header_overhead);
..\..\Middlewares\LVGL\GUI\lvgl\src\misc\lv_tlsf.c(999): warning:  #68-D: integer conversion resulted in a change of sign
      block = offset_to_block(mem, -(tlsfptr_t)block_header_overhead);
..\..\Middlewares\LVGL\GUI\lvgl\src\misc\lv_tlsf.c(1017): warning:  #68-D: integer conversion resulted in a change of sign
      block_header_t * block = offset_to_block(pool, -(int)block_header_overhead);
..\..\Middlewares\LVGL\GUI\lvgl\src\misc\lv_tlsf.c: 3 warnings, 0 errors
compiling lv_txt.c...
compiling lv_txt_ap.c...
compiling lv_utils.c...
compiling lv_btn.c...
compiling lv_bar.c...
compiling lv_arc.c...
compiling lv_checkbox.c...
compiling lv_canvas.c...
compiling lv_btnmatrix.c...
compiling lv_dropdown.c...
compiling lv_img.c...
compiling lv_objx_templ.c...
compiling lv_label.c...
compiling lv_line.c...
compiling lv_switch.c...
compiling lv_slider.c...
compiling lv_roller.c...
compiling lv_textarea.c...
compiling lv_table.c...
linking...
Program Size: Code=229034 RO-data=31162 RW-data=640 ZI-data=61288  
FromELF: creating hex file...
"..\..\Output\atk_f407.axf" - 0 Error(s), 25 Warning(s).

<h2>Software Packages used:</h2>

Package Vendor: Keil
                https://www.keil.com/pack/Keil.STM32F4xx_DFP.3.1.1.pack
                Keil.STM32F4xx_DFP.3.1.1
                STMicroelectronics STM32F4 Series Device Support

<h2>Collection of Component include folders:</h2>
  .\RTE\_LGVL

<h2>Collection of Component Files used:</h2>
Build Time Elapsed:  00:00:28
</pre>
</body>
</html>
